Using DDL Statements to Create and Manage Tables

Database Objects
===============================================================================
Object       Description
-------------------------------------------------------------------------------
Table        Basic unit of storage; composed of rows; Stores data
-------------------------------------------------------------------------------
View         Logically represents subsets of data from one or more tables;
             Subset of data from one or more tables
-------------------------------------------------------------------------------
Sequence     Generates numeric values
------------------------------------------------------------------------------- 
Index        Improves the performance of some queries
-------------------------------------------------------------------------------
Synonym      Gives alternative name to an object
===============================================================================

<補充>
SQL> SELECT DISTINCT object_type FROM dba_objects;

OBJECT_TYPE
-------------------
CONSUMER GROUP
INDEX PARTITION
SEQUENCE
QUEUE
SCHEDULE
TABLE PARTITION
RULE
JAVA DATA
PROCEDURE
OPERATOR
LOB PARTITION
WINDOW
CHAIN
LOB
PACKAGE
PACKAGE BODY
LIBRARY
RULE SET
PROGRAM
TYPE BODY
CONTEXT
JAVA RESOURCE
XML SCHEMA
TRIGGER
JOB CLASS
UNDEFINED
DIRECTORY
DIMENSION
MATERIALIZED VIEW
TABLE
INDEX
SYNONYM
VIEW
FUNCTION
WINDOW GROUP
JAVA CLASS
INDEXTYPE
CLUSTER
TYPE
RESOURCE PLAN
EVALUATION CONTEXT
JOB

已選取 42 個資料列.

SQL> SELECT DISTINCT segment_type FROM dba_segments;

SEGMENT_TYPE
------------------
LOBINDEX
INDEX PARTITION
TABLE PARTITION
NESTED TABLE
ROLLBACK
LOB PARTITION
LOBSEGMENT
INDEX
TABLE
CLUSTER
TYPE2 UNDO

已選取 11 個資料列.

SQL> SELECT DISTINCT object_type FROM dba_objects
  2  INTERSECT
  3  SELECT DISTINCT segment_type FROM dba_segments;

OBJECT_TYPE
-------------------
CLUSTER
INDEX
INDEX PARTITION
LOB PARTITION
TABLE
TABLE PARTITION

已選取 6 個資料列.

User為Database User，可以用來登入資料庫.
Schema是一個邏輯的容器，用來放與schema相同名字的User所擁有的物件
當建立一個新的User時，Oracle自動建立一個相同名字的schema，用來放屬於這個user的
物件

命名規則
1. 名字不能超過30 bytes(DB_NAME只能8 bytes，但Database Link可以使用到128 bytes)
2. 不能使用SQL語言的關鍵字或Oracle Server的保留字
3. 必須以英文字母開頭
4. 名字沒有大小寫區分，但存放在Data Dictionary都是以大寫型態存放. 所以查詢
   data dictionary時，如果在where條件輸入相關名字時，請記得使用大寫格式.
5. 只能使用英文字母，數字與特殊符號:_，$，#(Database Link可以還可以使用@與.)
6. 如果一定要使用保留字或不支援的特殊符號或保留所設定的大小寫型態，則必須將名字以
   "包括起來. 例如: "123ABC"
7. 不建議使用雙引號

SQL> CREATE TABLE lower (c1 NUMBER);  --目前所設定的table name為小寫的lower

已建立表格.

SQL> SELECT table_name FROM dba_tables WHERE table_name='lower';

沒有任何資料列被選取

SQL> DESC DBA_TABLES
 名稱                  空值?    類型
 --------------------- -------- ------------ ------------------------------------
 OWNER                 NOT NULL VARCHAR2(30)
 TABLE_NAME            NOT NULL VARCHAR2(30) -- 在Data Dictionary Table裡，文字型
                                                態的欄位值都是儲存大寫字元
 TABLESPACE_NAME                VARCHAR2(30) -- 除非DDL指令裡使用雙引號將相關名字
                                                (小寫)包括起來.但強烈不建議使用.
 CLUSTER_NAME                   VARCHAR2(30) -- 因為未來使用到此名字時，都必須使
                                                用雙引號將小寫字元包括起來.
 IOT_NAME                       VARCHAR2(30)
 STATUS                         VARCHAR2(8)
 --省略
 
SQL> SELECT table_name FROM dba_tables WHERE table_name='LOWER';  
     -- 但是建立table時，將自動變成大寫儲存在Data Dictionary中

TABLE_NAME
------------------------------
LOWER

SQL> CREATE TABLE LOWER (c1 NUMBER);
CREATE TABLE LOWER (c1 NUMBER)
             *
 ERROR 在行 1:
ORA-00955: 此一名稱已被一個現有物件使用


SQL> CREATE TABLE "LOWER" (c1 NUMBER);
CREATE TABLE "LOWER" (c1 NUMBER)
             *
 ERROR 在行 1:
ORA-00955: 此一名稱已被一個現有物件使用


SQL> CREATE TABLE "lower" (c1 NUMBER);

已建立表格.

SQL> SELECT table_name FROM dba_tables WHERE table_name='lower';

TABLE_NAME
------------------------------
lower

SQL> INSERT INTO lower VALUES(1);  --其實為LOWER

已建立 1 個資料列.

SQL> SELECT * FROM lower;  --其實為LOWER

        C1
----------
         1

SQL> INSERT INTO "lower" VALUES(2);

已建立 1 個資料列.

SQL> SELECT * FROM "lower";

        C1
----------
         2

SQL> COMMIT;

確認完成.

A NAMESPACE defines
a group of object types， within which all names must be uniquely identified, 
by schema and name

TABLE, VIEW, SEQUENCE, PRIVATE SYNONYM位在同一個namespace，所以同一個schema中，
不能有相同的table名字，也不能有table與view, sequence, private synonym相同名字的情
況發生

SQL> SELECT * FROM emp;  --可以出現在FROM子句的物件型態(table/view/synonym)
SELECT * FROM emp;
              *
 ERROR 在行 1:
ORA-00942: 表格或視觀表不存在


當進行解析時，Optimizer首先決定emp所在的schema.
然後先假設emp為table name.
如果沒有此table，則將emp當作view name.
如果還是沒有叫做emp的view，則將其當作private synonym
如果也沒有叫做emp的private synonym，則將試圖尋找是否有叫做emp的public synonym
假設以上都無法成功尋找到叫做emp的物件，則將會出現
ORA-00942: 表格或視觀表不存在(Table OR View Not Exists)

ORA-00942可能因為物件不存在或存在但沒權限存取而出現

Code Datatype Description 
1
 VARCHAR2(size [BYTE | CHAR])
 Variable-length character string having maximum length size bytes or characters. 
 Maximum size is 4000 bytes or characters, and minimum is 1 byte or 1 character. 
 You must specify size for VARCHAR2.

BYTE indicates that the column will have byte length semantics; 
CHAR indicates that the column will have character semantics.

1
 NVARCHAR2(size)
 Variable-length Unicode character string having maximum length size characters. 
 The number of bytes can be up to two times size for AL16UTF16 encoding and 
 three times size for UTF8 encoding. Maximum size is determined by the national 
 character set definition, with an upper limit of 4000 bytes. You must specify 
 size for NVARCHAR2.
 
2
 NUMBER[(precision [, scale]])
 Number having precision p and scale s. The precision p can range from 1 to 38. 
 The scale s can range from -84 to 127.
 
8
 LONG
 Character data of variable length up to 2 gigabytes, or 231 -1 bytes. 
 Provided for backward compatibility.


SQL> DROP TABLE t1;
SQL> CREATE TABLE t1(a NUMBER,b VARCHAR2(10),c CHAR(10));  --A為數字(NUMBER(38))
                                                             ,B/C欄位最多只能儲存
                                                             10Bytes資料
SQL> INSERT INTO t1 VALUES(100000,'A','A');
SQL> INSERT INTO t1 VALUES(123456,'B','B');
SQL> COMMIT;
SQL> SELECT * FROM t1;

         A B          C
---------- ---------- ----------
    100000 A          A
    123456 B          B

SQL> SELECT DUMP(b),DUMP(c) FROM t1 WHERE a=100000;

DUMP(B)
--------------------------------------------------------------------------------
DUMP(C)
--------------------------------------------------------------------------------
Typ=1 Len=1: 65  -- VARCHAR2(10)表示最多可以儲存10Bytes資料.但如果資料低於
                    10Bytes,則僅儲存資料本身內容即可.
Typ=96 Len=10: 65,32,32,32,32,32,32,32,32,32  -- CHAR(10)表示最多可以儲存10Bytes
                                                 資料.但如果資料低於10Bytes,則在
                                                 資料尾部填補空白,以補足10Bytes長
                                                 度.

SQL> SELECT a,dump(a) FROM t1;

         A
----------
DUMP(A)
--------------------------------------------------------------------------------
    100000
Typ=2 Len=2: 195,11

    123456
Typ=2 Len=4: 195,13,35,57


SQL> DROP TABLE t1;
SQL> CREATE TABLE t1(a DATE,b TIMESTAMP);

已建立表格.

SQL> INSERT INTO t1 VALUES (SYSDATE,SYSTIMESTAMP);

已建立 1 個資料列.

SQL> SELECT * FROM t1;

A              B
-------------- -----------------------------------------------------------------
18-4月 -10     18-4月 -10 09.49.37.598000 上午
因為DATE使用NLS_DATE_FORMAT來顯示日期
而TIMESTAMP使用NLS_TIMESTAMP_FORMAT顯示

SQL> SELECT parameter,value
  2  FROM nls_session_parameters
  3  WHERE parameter IN ('NLS_DATE_FORMAT','NLS_TIMESTAMP_FORMAT');

PARAMETER                                VALUE
---------------------------------------- ---------------------------------------
NLS_DATE_FORMAT                          DD-MON-RR
NLS_TIMESTAMP_FORMAT                     DD-MON-RR HH.MI.SSXFF AM

SQL> ALTER SESSION SET NLS_DATE_FORMAT='DD-MON-RR HH.MI.SS AM';

已更改階段作業.

SQL> SELECT * FROM t1;

A
----------------------------
B
---------------------------------------------------------------------------
18-4月 -10 09.49.37 上午
18-4月 -10 09.49.37.598000 上午

SQL> SELECT SESSIONTIMEZONE,DBTIMEZONE FROM dual;

SESSIONTIMEZONE                                                     DBTIME
--------------------------------------------------------------------------- ------
+08:00                                                                      +00:00

SQL> CREATE TABLE t2(c1 DATE,c2 TIMESTAMP,c3 TIMESTAMP WITH TIME ZONE,c4 TIMESTAMP WITH LOCAL TIME ZONE);

已建立表格.
timestamp with local time zone的欄位,所儲存的時間為DB所在的時區時間
SQL> INSERT INTO t2 VALUES(SYSDATE,SYSTIMESTAMP,SYSTIMESTAMP,SYSTIMESTAMP);

已建立 1 個資料列.

SQL> SELECT * FROM t2;

C1
----------------------------
C2
---------------------------------------------------------------------------
C3
---------------------------------------------------------------------------
C4
---------------------------------------------------------------------------
18-4月 -10 09.57.06 上午
18-4月 -10 09.57.06.958000 上午
18-4月 -10 09.57.06.958000 上午 +08:00
18-4月 -10 09.57.06.958000 上午

SQL> ALTER SESSION SET TIME_ZONE='-07:00';

已更改階段作業.

SQL> SELECT * FROM t2;

C1
----------------------------
C2
---------------------------------------------------------------------------
C3
---------------------------------------------------------------------------
C4
---------------------------------------------------------------------------
18-4月 -10 09.57.06 上午
18-4月 -10 09.57.06.958000 上午
18-4月 -10 09.57.06.958000 上午 +08:00
17-4月 -10 06.57.06.958000 下午  <--自動轉換為session's的時區時間

CREATE TABLE [schema.]table [ORGANIZATION HEAP]
(column datatype [DEFAULT expression]
[,column datatype [DEFAULT expression]…);

CREATE TABLE [schema.]table AS subquery; --constriant只會保留NOT NULL
 --subquery的SELECT list的欄位及其資料型態,將成為新table的欄位與資料型態
 --而subquery的rows將被新增到新table裡.

Adding columns:
SQL> ALTER TABLE emp ADD (job_id NUMBER);  --新增欄位到每一筆現存的row,所新增的欄位值使用default value.
   --ALTER TABLE emp ADD (job_id NUMBER DEFAULT 10); --如此新增的column值,為10.
SQL> ALTER TABLE emp MODIFY (comm NUMBER(4,2) DEFAULT 0.05);  --變更欄位定義.若變更預設值,僅對未來新增的row產生影響.

SQL> ALTER TABLE emp DROP COLUMN comm;  --直接lock table,刪除comm欄位定義與真實資料(row的某個欄位).所以每一筆row的大小將縮小.

SQL> ALTER TABLE emp SET UNUSED COLUMN job_id; --僅先將column更名,但沒有刪除真實資料(DBA_UNUSED_COL_TABS)

SQL> ALTER TABLE emp DROP UNUSED COLUMNS;  --將之前set unused column的欄位資料真正刪除,此動作將先lock table,禁止DML/DDL.

SQL> ALTER TABLE emp RENAME COLUMN hiredate TO recruited;  --變更column name

SQL> ALTER TABLE emp RENAME TO old_emp;  --變更table name

SQL> ALTER TABLE emp READ ONLY;  --11g only
                   --READ WRITE;

Data Integrity(資料完整性)->確認table資料遵守商業規則(Businese Rule)
1.Constraint(最簡單,但功能較少)
2.Trigger(在Database端,需要撰寫PL/SQL程式.但功能完整)
3.Application邏輯(在Client端)				   

UNIQUE->不可以重複
NOT NULL->不可以儲存空值
PRIMARY KEY->不可以重複,也不可以儲存空值.一個table只能有一個primary key限制.如果有另一個欄位也需要pk限制,則必須使用NOT NULL+UNIQUE達到.
FOREIGN KEY->欄位值必須參考另一個欄位的值,但是被參考的欄位必須有UNIQUE或PRIMARY KEY限制
CHECK->欄位值必須讓CHECK condition為True

建立table時,同時宣告constraint
column level宣告的好處,不需要指定限制所對應的column.缺點只能在一個欄位上(NOT NULL只能使用column level)
SQL> CREATE TABLE t3(a NUMBER PRIMARY KEY,b VARCHAR2(10) CONSTRAINT t3_b_uk UNIQUE);
如果不指定constriant name,將由Oracle自行命名為SYS_Cnnnnn(nnnnn為serial number)

table level宣告的好處,可以使用多個欄位當作constraint,但是一定要指定constraint所對應的欄位
SQL> CREATE TABLE t4(a NUMBER,b VARCHAR2(10),CONSTRAINT t4_ab_pk PRIMARY KEY(a,b));

建立table後,才宣告constraint,必須使用類似table level的宣告
SQL> CREATE TABLE t5(a NUMBER,b VARCHAR2(10));

SQL> INSERT INTO t5 VALUES(1,'A1');
SQL> INSERT INTO t5 VALUES(2,'B1');
SQL> INSERT INTO t5 VALUES(3,'C1');
SQL> COMMIT;

確認完成.

FORIGN KEY的宣告
SQL> CREATE TABLE t6(a VARCHAR2(10),b NUMBER REFERENCES t5(a));  --no action
-----------------------------------------------------------------------------------
CREATE TABLE t6(a VARCHAR2(10),b NUMBER REFERENCES t5(a))
                                                      *
 ERROR 在行 1:
ORA-02270: 此資料欄清單沒有相符的唯一索引鍵或主索引鍵
-----------------------------------------------------------------------------------

SQL> ALTER TABLE t5 ADD CONSTRAINT t5_a_pk PRIMARY KEY(a);

SQL> CREATE TABLE t6(a VARCHAR2(10),b NUMBER REFERENCES t5(a));  --建立FK時,如果沒有明確指定delete rule,其預設為NO ACTION.

SQL> SELECT constraint_name,constraint_type,delete_rule  --no action
  2  FROM dba_constraints
  3  WHERE owner='SYS' AND table_name='T6';

CONSTRAINT_NAME                C DELETE_RU
------------------------------ - ---------
SYS_C005610                    R NO ACTION  --no action表示當t5.a欄位值變更時,t6.b欄位值將不跟隨發生任何改變

SQL> INSERT INTO t6 VALUES('a1',1);

已建立 1 個資料列.

SQL> INSERT INTO t6 VALUES('b1',2);

已建立 1 個資料列.

SQL> INSERT INTO t6 VALUES('c1',1);

已建立 1 個資料列.

SQL> INSERT INTO t6 VALUES('d1',4);
INSERT INTO t6 VALUES('d1',4)
*
 ERROR 在行 1:
ORA-02291: 違反整合性限制條件 (OE.SYS_C005610) - 找不到父項索引鍵  --4並沒有出現在t5表格的任何一筆row的a欄位裡

SQL> COMMIT;

確認完成.

SQL> SELECT * FROM t5;

         A B
---------- ----------
         1 A1
         2 B1         --父項紀錄
         3 C1

SQL> SELECT * FROM t6;

A                   B
---------- ----------
a1                  1
b1                  2　　--t5.A=2的子項紀錄
c1                  1

SQL> DELETE t5 WHERE a=3;  --因為child table中並沒有任何row參考a=3的欄位值

已刪除 1 個資料列.

SQL> DELETE t5 WHERE a=2;
DELETE t5 WHERE a=2
*
 ERROR 在行 1:
ORA-02292: 違反整合性限制條件 (SYS.SYS_C005610) - 發現子項記錄


SQL> ROLLBACK;

倒回完成.

SQL> ALTER TABLE t6 DROP CONSTRAINT sys_c005610;  --刪除目前的foreign key constraint.這個操作不會影響table內容.

已更改表格.

SQL> ALTER TABLE t6 ADD CONSTRAINT t6_b_fk FOREIGN KEY(b) REFERENCES t5(a) ON DELETE CASCADE;

已更改表格.

SQL> SELECT constraint_name,constraint_type,delete_rule
  2  FROM dba_constraints
  3  WHERE owner='SYS' AND table_name='T6';

CONSTRAINT_NAME                C DELETE_RU
------------------------------ - ---------
T6_B_FK                        R CASCADE  --當t5發生delete行為時,所有參考該a欄位值的t6表格row,將一同被刪除.

SQL> SELECT * FROM t5;

         A B
---------- ----------
         1 A1
         2 B1
         3 C1

SQL> SELECT * FROM t6;

A                   B
---------- ----------
a1                  1
b1                  2
c1                  1

SQL> DELETE t5 WHERE a=2;

已刪除 1 個資料列.

SQL> SELECT * FROM t5;

         A B
---------- ----------
         1 A1
         3 C1

SQL> SELECT * FROM t6;  --因為Fk的on delete cascade而被刪除一筆row

A                   B
---------- ----------
a1                  1
c1                  1

SQL> ROLLBACK;

倒回完成.

SQL> ALTER TABLE t6 DROP CONSTRAINT t6_b_fk;

已更改表格.

SQL> ALTER TABLE t6 ADD CONSTRAINT t6_b_fk FOREIGN KEY(b) REFERENCES t5(a) ON DELETE SET NULL;

已更改表格.

SQL> SELECT constraint_name,constraint_type,delete_rule
  2  FROM dba_constraints
  3  WHERE owner='SYS' AND table_name='T6';

CONSTRAINT_NAME                C DELETE_RU
------------------------------ - ---------
T6_B_FK                        R SET NULL  --當t5發生delete行為時,所有參考該a欄位值的t6表格的b欄位值,將被更改為空值.

SQL> SELECT * FROM t5;

         A B
---------- ----------
         1 A1
         2 B1
         3 C1

SQL> SELECT * FROM t6;

A                   B
---------- ----------
a1                  1
b1                  2
c1                  1

SQL> DELETE t5 WHERE a=2;

已刪除 1 個資料列.

SQL> SELECT * FROM t5;

         A B
---------- ----------
         1 A1
         3 C1

SQL> SELECT * FROM t6;

A                   B
---------- ----------
a1                  1
b1                      <--b欄位值變成空值
c1                  1

