Using Single-Row Functions to Customize Output

SQL Functions
  -- can be used to do the following:
     1. Perform calculations on data
     2. Modify individual data items
     3. Manipulate output for groups of rows
     4. Format dates and numbers for display
     5. Convert column data types
  -- 可以接受參數輸入(0/1/多個),但只能/一定回傳1個結果
     func(arg1,arg2,arg3,...)=>result

Two Types of SQL Functions
Single-row functions --
  1. These functions operate on single rows only and return one result per row.
     一筆row回傳一個結果。
  2. They accept one or more arguments and return one value for each row that 
     is returned by the query. An argument can be one of the following:
	 2.1. User-supplied constant
	 2.2. Variable value
	 2.3. Column name
	 2.4. Expression
  3. Features of single-row functions include:
     3.1. Acting on each row that is returned in the query
	 3.2. Returning one result per row
	 3.3. Possibly returning a data value of a different type than the one that
          is referenced.
	 3.4. Possibly expecting one or more arguments
	 3.5. Can be used in SELECT, WHERE, and ORDER BY clauses
	 3.6. Can be nested
  4. There are different types of single-row functions.
     -- Character functions
	    Accept character input and can return both character and number values
	 -- Number functions
	    Accept numeric input and return numeric values
	 -- Date functions
	    Operate on values of the DATE data type (All date functions return a 
		value of the DATE data type except the MONTHS_BETWEEN function, which
		returns a number.)
	 -- Conversion functions
	    Convert a value from one data type to another
	 -- General functions
	    NVL
		NVL2
		NULLIF
		COALESCE
		CASE
		DECODE
Multiple-row functions --
  1. Fuctions can manipulate groups of rows to give one resultper group of rows.
     多筆row回傳一個結果。
     These functions also known as group functions.
	 
Character Functions
  Character Functions
  
  Case-conversion functions         Character-manipulation functions
  ────────────────────────────────────────────────────────────────────────
  LOWER                             CONACT
  UPPER                             SUBSTR
  INIICAP                           LENGTH
                                    INSTR
                                    LPAD | RPAD
									TRIM
									REPLACE
  
  
  Case-conversion functions
  
  Function                   Result
  ────────────────────────────────────────────────────────────────────────
  LOWER( 'SQL Course' )      sql course
  UPPER( 'SQL Course' )      SQL COURSE
  INIICAP( 'SQL Course' )    Sql Course
  
  Examples:
     SELECT 'The job id for '||UPPER(last_name)||' is '
       ||LOWER(job_id) AS "EMPLOYEE DETAILS"
     FROM employees;
	 
	 SELECT employee_id, last_name, department_id
	 FROM employees
	 WHERE last_name = 'higgins';
	 
	 SELECT employee_id, last_name, department_id
	 FROM employees
	 WHERE LOWER( last_name ) = 'higgins';
	 
	 SELECT employee_id, UPPER( last_name ), department_id
	 FROM employees
	 WHERE INITCAP( last_name ) = 'Higgins';

  Examples: 補充
     SQL> SELECT UPPER('hello world'),LOWER('Hello WorLD'),INITCAP('HELLO world')
        2 FROM dual;

     UPPER('HELL LOWER('HELL INITCAP('HE  
     ----------- ----------- -----------
     HELLO WORLD hello world Hello World
     
     -INITCAP將第一個char變成大寫,其餘為小寫

     SQL> SELECT last_name,first_name,last_name||first_name lf_name,
                 CONCAT(last_name,first_name) concat_name
       2  FROM   hr.employees
       3  WHERE  department_id=90;
     
     LAST_NAME     FIRST_NAME      LF_NAME           CONCAT_NAME
     ------------- --------------- ----------------- ---------------------------
     King          Steven          KingSteven        KingSteven
     Kochhar       Neena           KochharNeena      KochharNeena
     De Haan       Lex             De HaanLex        De HaanLex

  Character-manipulation functions
  
  Function                               Result
  ─────────────────────────────────────────────────────────────────────────────
  CONCAT( 'Hello', 'World' )             HelloWorld
  SUBSTR( 'HelloWorld', 1, 5 )           Hello
  LENGTH( 'HellowWorld' )                10
  INSTR( 'HellowWorld', 'W' )            6
  LPAD( salary, 10, '*' )                *****24000
  RPAD( salary, 10, '*' )                24000*****
  REPLACE( 'JACK and JUE', 'J', 'BL')    BLACK and BLUE
  TRIM( 'H' FROM 'HelloWorld' )          elloWorld
  
  Examples:
     SELECT employee_id, CONACT( first_name, last_name) NAME,
	        job_id, LENGTH( last_name ), INSTR( last_name, 'a' ) "Contains 'a'?"
	 FROM employees
	 WHERE SUBSTR(job_id, 4) = 'REP';
	 
     SELECT employee_id, CONACT( first_name, last_name) NAME,
	        LENGTH( last_name ), INSTR( last_name, 'a' ) "Contains 'a'?"
	 FROM employees
	 WHERE SUBSTR( last_name, -1, 1 ) = 'n';

  Examples: 補充
     SQL> SELECT 'A'||'_B',CONCAT('A','_B') FROM dual;

     'A' CON
     --- ---
     A_B A_B

     SQL> SELECT 'A'||'_B'||'_C',CONCAT('A','_B','_C') FROM dual;
     SELECT 'A'||'_B'||'_C',CONCAT('A','_B','_C') FROM dual
                       *
     ERROR at line 1:
     ORA-00909: invalid number of arguments

     - 函數的結果可以被當作另一個函數的輸入參數
       --> 函數巢狀化
     SQL> SELECT 'A'||'_B'||'_C',CONCAT(CONCAT('A','_B'),'_C') FROM dual; 

     'A'|| CONCA
     ----- -----
     A_B_C A_B_C

     SQL> SELECT last_name,LENGTH(last_name) 
        2 FROM hr.employees 
        3 WHERE department_id=90;

     LAST_NAME            LENGTH(LAST_NAME)
     -------------------- -----------------
     King                                 4  -- 幾個字,不管一個字由幾個character
                                                組成.一個character可能由多個
                                                bytes組成.
     Kochhar                              7
     De Haan                              7  -- 空白也算

     SQL> SELECT LENGTH('甲骨文') 
        2 FROM dual;

        ENGTH('甲骨文')
        ----------------
                       3  -- 幾個characters

     SQL> SELECT LENGTHB('甲骨文') 
        2 FROM dual;

        LENGTHB('甲骨文')
        -----------------
                        6  -- 幾個Bytes

     SQL> SELECT LENGTHB('ABC') FROM dual;
     
     LENGTHB('ABC')
     --------------
                  3
     			                            ┌── 從第幾個字開始
                                            ↓
     SQL> SELECT last_name,SUBSTR(last_name,1,3) FROM hr.employees 
        2 WHERE department_id=90;             ↑
                                              └── 讀取幾個字
     LAST_NAME            SUBSTR
     -------------------- ------
     King                 Kin
     Kochhar              Koc
     De Haan              De
     
     SQL> SELECT last_name,SUBSTR(last_name,2,3) FROM hr.employees 
        2 WHERE department_id=90;
     
     LAST_NAME            SUBSTR
     -------------------- ------
     King                 ing
     Kochhar              och
     De Haan              e H
                                  字串       ┌── 由哪裡開始算
                                   ↓         ↓   (正數:由左向右,負數:由右向左)
     SQL> SELECT last_name,SUBSTR(last_name,-3,3) FROM hr.employees
        2 WHERE department_id=90;	           ↑
                                               └── 向右讀幾個字 
     LAST_NAME            SUBSTR
     -------------------- ------
     King                 ing
     Kochhar              har
     De Haan              aan
     
     SQL> SELECT SUBSTR('美商甲骨文',1,3),SUBSTRB('美商甲骨文',1,3) FROM dual;
     
     SUBSTR SUB
     ------ ---
     美商甲 美
     
     SQL> SELECT SUBSTR('美商甲骨文',1,2),SUBSTRB('美商甲骨文',1,2) FROM dual;
     
     SUBS SU
     ---- --
     美商 美
     
     SQL> SELECT last_name,INSTR(last_name,'i') FROM hr.employees 
        2 WHERE department_id=90;
     
     LAST_NAME            INSTR(LAST_NAME,'I')
     -------------------- --------------------
     King                                    2
     Kochhar                                 0
     De Haan                                 0
     
     SQL> SELECT last_name,INSTR(last_name,'h') FROM hr.employees 
        2 WHERE department_id=90;
     
     LAST_NAME            INSTR(LAST_NAME,'H')  <--此處稱作column heading,會自動
     -------------------- --------------------     將select list變成大寫.      
     King                                    0
     Kochhar                                 4
     De Haan                                 0  <--因為所找尋的literal為小寫h
     					                           由左邊的第幾個字開始向右
                                                   
     SQL> SELECT last_name,INSTR(last_name,'h',1,1) FROM hr.employees
        2 WHERE department_id=90;                ↑
                                                 └── 出現的第幾次
     LAST_NAME            INSTR(LAST_NAME,'H',1,1)
     -------------------- ------------------------
     King                                        0
     Kochhar                                     4
     De Haan                                     0
     
     SQL> SELECT last_name,INSTR(last_name,'h',4,1) FROM hr.employees 
        2 WHERE department_id=90;
     
     LAST_NAME            INSTR(LAST_NAME,'H',4,1)
     -------------------- ------------------------
     King                                        0
     Kochhar                                     4
     De Haan                                     0
     
     SQL> SELECT last_name,INSTR(last_name,'h',1,2) FROM hr.employees 
        2 WHERE department_id=90;
     
     LAST_NAME            INSTR(LAST_NAME,'H',1,2)
     -------------------- ------------------------
     King                                        0
     Kochhar                                     5
     De Haan                                     0
     
     SQL> SELECT last_name,INSTR(last_name,'h',5,1) FROM hr.employees 
        2 WHERE department_id=90;
     
     LAST_NAME            INSTR(LAST_NAME,'H',5,1)
     -------------------- ------------------------
     King                                        0
     Kochhar                                     5
     De Haan                                     0
     
     SQL> SELECT last_name,INSTR(last_name,'h',6,1) FROM hr.employees 
        2 WHERE department_id=90;
     
     LAST_NAME            INSTR(LAST_NAME,'H',6,1)
     -------------------- ------------------------
     King                                        0
     Kochhar                                     0
     De Haan                                     0
     
     SQL> SELECT INSTR('美商甲骨文','文'),INSTRB('美商甲骨文','文') FROM dual;
     
     INSTR('美商甲骨文','文') INSTRB('美商甲骨文','文')
     ------------------------ -------------------------
                            5                         9
     					   
     SQL> SELECT last_name,LPAD(last_name,10,'#'),RPAD(last_name,10,'!') 
        2 FROM hr.employees 
        3 WHERE department_id=90;
     
     LAST_NAME            LPAD(LAST_NAME,10,'# RPAD(LAST_NAME,10,'!
     -------------------- -------------------- --------------------
     King                 ######King           King!!!!!!
     Kochhar              ###Kochhar           Kochhar!!!
     De Haan              ###De Haan           De Haan!!!
     
     SQL> SELECT last_name,LPAD(last_name,10,' '),RPAD(last_name,10,' ') 
        2 FROM hr.employees 
        3 WHERE department_id=90;
     
     LAST_NAME            LPAD(LAST_NAME,10,'' RPAD(LAST_NAME,10,''
     -------------------- -------------------- --------------------
     King                       King           King
     Kochhar                 Kochhar           Kochhar
     De Haan                 De Haan           De Haan
                                   Bytes
     SQL> SELECT LPAD('美商甲骨文',10,'哇') FROM dual;
     
     LPAD('美商
     ----------
     美商甲骨文
     
     SQL> SELECT LPAD('美商甲骨文',20,'哇') FROM dual;
     
     LPAD('美商甲骨文',20
     --------------------
     哇哇哇哇哇美商甲骨文
     
     SQL> SELECT REPLACE('Jack and Jue','J','Bl') FROM dual;
     
     REPLACE('JACKA
     --------------
     Black and Blue
     
     SQL> SELECT TRIM('!' FROM '!Hello World!')   --將連續的!取除,去頭且去尾
        2 FROM dual;
               --TRIM(BOTH '!' FROM '!Hello World!')
     TRIM('!'FRO
     -----------
     Hello World
     
     SQL> SELECT TRIM('!' FROM '!!!Hello World!') FROM dual;
     
     TRIM('!'FRO
     -----------
     Hello World
     
     SQL> SELECT TRIM(LEADING '!' FROM '!Hello World!') FROM dual;  --去頭
     
     TRIM(LEADING
     ------------
     Hello World!
     
     SQL> SELECT TRIM(TRAILING '!' FROM '!Hello World!') FROM dual; --去尾
     
     TRIM(TRAILIN
     ------------
     !Hello World

Number Functions
  Number functions
  
  Function                Result
  ─────────────────────────────────────────────────────────────────────────────
  ROUND( 45.926, 2 )      45.93
  TRUNC( 45.926, 2 )      45.92
  MOD( 1600, 300 )        100
  
  Examples:
     SELECT ROUND( 45.923, 2 ), ROUND( 45.923, 0 ), ROUND( 45.923, -1 )
	 FROM DUAL;

  Example: 補充
     -- ROUND四捨五入,重點在四捨五入的位置
                                      -  + 
                 ROUND(123.45,0)     210 12
     SQL> SELECT ROUND(123.45),ROUND(123.45,1),ROUND(123.45,2),ROUND(123.45,-1),
        2        ROUND(123.45,-2) 
        3 FROM dual;
                       個位數        正數為小數點後第幾位            負數由10位數開始(-1=>十位數,-2=>百位數)
     ROUND(123.45) ROUND(123.45,1) ROUND(123.45,2) ROUND(123.45,-1) ROUND(123.45,-2)
     ------------- --------------- --------------- ---------------- ----------------
               123           123.5          123.45              120              100
     
     SQL> SELECT ROUND(123.45,-3) FROM dual;
     
     ROUND(123.45,-3)
     ----------------
                    0 --千位數以下進行4捨5入
     
     SQL> SELECT ROUND(523.45,-3) FROM dual;
     
     ROUND(523.45,-3)
     ----------------
                 1000

     -- TRUNC為無條件捨去
     SQL> SELECT TRUNC(123.45),TRUNC(123.45,1),TRUNC(123.45,2),TRUNC(123.45,-1),
        2        TRUNC(123.45,-2),TRUNC(123.45,-3) 
        3 FROM dual;

     TRUNC(123.45) TRUNC(123.45,1) TRUNC(123.45,2) TRUNC(123.45,-1) TRUNC(123.45,-2) TRUNC(123.45,-3)
     ------------- --------------- --------------- ---------------- ---------------- ----------------
               123           123.4          123.45              120              100                0

     -- MOD得出兩個數字相除的餘數
     SQL> SELECT MOD(100,8),MOD(100,9) FROM dual;

     MOD(100,8) MOD(100,9)
     ---------- ----------
              4          1

     -- 商數
     SQL> SELECT FLOOR(100/8) FROM dual;

     FLOOR(100/8)
     ------------
               12

     -- CEIL取最接近的整數(比此數大),也可當作無條件進位(不包含小數點以下)
     -- FLOOR取最接近的整數(比此數小)
     SQL> SELECT CEIL(123.45),FLOOR(123.45) FROM dual;

     CEIL(123.45) FLOOR(123.45)
     ------------ -------------
              124           123

  DUAL Table
    1. DUAL is a public table that you can use to view results from functions and
       calculations.
    2. The DUAL table is owned by the user SYS and can be accessed by all users.
    3. It contains one column, DUMMY, and one row with the value X.
    4. The DUAL table is useful when you want to return a value only once 
       ( for example, the value of a constant, pseudocolumn, or expression that 
  	   is ot derived from a table with user data).
    5. The DUAL table is generally used fro completeness of the SELECT clause 
       syntax, because both SELECT and FROM clauses are mandatory, and serveral 
  	   calculations do not need to select from th actual tables.	   
     
       SELECT TRUNC( 45.923, 2 ), TRUNC( 45.923 ), TRUNC( 45.923, -1 )
	   FROM DUAL;
       
	   SELECT last_name, salary, MOD( salary, 5000 )
	   FROM employees
	   WHERE job_id = 'SA_REP';
	 
Working with Dates
  1. The Oracle Database stores dates in an internal numeric format, representing 
     the century, year, month, day, hours, minutes, and seconds.
  2. The default display and input format for any date is DD-MM-RR.
  Examples:
     SELECT last_name, hire_date
	 FROM employees
	 WHERE hire_date < '10-FEB-88';
	
Using the SYSDATE Function
  1. SYSDATE is a function that returns:
     Date
	 Time
  2. You can use SYSDATE just as you would use any other column name.
  Examples:
     SELECT SYSDATE
     FROM dual;
  3. SYSDATE returns the current date and time set for the operating system on
     which the database resides.
  4. The CURRENT_DATE function that returns the current date in the session 
     time zone.

Arithmetic with Dates 
  
  Operation           Result            Description
  ─────────────────────────────────────────────────────────────────────────────
  date + number       Date              Adds a number of days to a date
  date - number       Date              Subtracts a number of days from a date
  date - date         Number of days    Subtracts one date from another
  date + number/24    Date              Adds a number of hours to a date
  
  Examples:
    SELECT last_name, (SYSDATE - hire_date)/7 AS WEEKS
	FROM employees
	WHERE department_id = '90';

  NOTE:
    Your results may differ depending on the date and time set for operating 
	system of your local database when you run the SQL query.

Date-Manipulation Functions
  
  Function                        Description
  ─────────────────────────────────────────────────────────────────────────────
  MONTHS_BETWEEN(date1, date2)    1. Finds the number of months between date1 
                                     and date2.
								  2. ??????????, ??????
								     ? date1 ? date2 ?, ?????
									 ? date1 ? date2 ?, ?????
  ADD_MONTHS(date, n)             1. Add n number of calendar months to date.
                                  2. The value of n number must be an integer
                                     and can be negative.
  NEXT_DAY(date, 'char')          1. Finds the date of the next specificed day 
                                     of the week ('char') following date.
								  2. The value of char may be a number 
								     representing a day or character string.
  LAST_DAY(date)                  1. Finds the date of the last day of the 
                                     month that contains date
  -----------------------------------------------------------------------------
  ROUND(date[, 'fmt'])            1. Returns date rounded to the unit that is 
                                     specificed by the format model fmt.
								  2. If the format model fmt is omitted, date
								     is rounded to the nearest day.
  TRUNC(date[, 'fmt'])            1. Returns date with the time portion of the 
                                     day truncated to the unit that is 
									 specified by the format model fmt.
								  2. If the format model fmt is omitted, date
								     is truncated to the nearest day.
  
  Examples:
      SELECT employee_id, hire_date, MONTHS_BETWEEN(SYSDATE, hire_date) TENURE,
	         ADD_MONTHS(hire_date, 6) REVIEW, NEXT_DAY(hire_date, 'FRIDAY'),
			 LAST_DAY(hire_date)
	  FROM employees
	  WHERE MONTHS_BETWEEN(SYSDATE, hire_date) < 150;
	  
	  SELECT employee_id, hire_date, ROUND(hire_date, 'MONTH'),
	         TRUNC(hire_date, 'MONTH')
	  FROM employees
	  WHERE hire_date LIKE '%97';
	  
  Examples: 補充
     SQL> SELECT parameter,value 
       2  FROM nls_session_parameters
       3  WHERE parameter like 'NLS_DATE%';

     PARAMETER                     VALUE
     ----------------------------- ----------------------------------------
     NLS_DATE_FORMAT               DD-MON-RR   --MON表示顯示月份名字的縮寫,
                                                 MONTH則要求顯示月份名字的全名
     NLS_DATE_LANGUAGE             TRADITIONAL CHINESE  --月份名字所使用的語言
     
     --  SYSDATE將回傳世紀/年/月/日/小時/分/秒
     SQL> SELECT SYSDATE FROM dual;
     
     SYSDATE
     --------------
     11-4月 -10    
     
     SQL> ALTER SESSION SET NLS_DATE_LANGUAGE=american;
     
     已更改階段作業.
     
     SQL> SELECT SYSDATE FROM dual;
     
     SYSDATE
     ------------
     11-APR-10    --APR為大寫,應為NLS_DATE_FORMAT的MON為大寫
     
     SQL> ALTER SESSION SET NLS_DATE_FORMAT='DD-mon-RR';
     
     已更改階段作業.
     
     SQL> SELECT SYSDATE FROM dual;
     
     SYSDATE
     ------------
     11-apr-10

     SQL> ALTER SESSION SET NLS_DATE_FORMAT='DD-Mon-RR';
     
     已更改階段作業.
     
     --目前時間為2010-04-11
     SQL> SELECT SYSDATE FROM dual;
     
     SYSDATE
     ------------
     11-Apr-10     
     
     SQL> SELECT last_name,hire_date
       2  FROM hr.employees
       3  WHERE hire_date<'01-Feb-02';  --02=>現在為2010-4-11,所以RR(02)為2002
                           DD-MON-RR
     EMPLOYEE_ID LAST_NAME                 HIRE_DATE
     ----------- ------------------------- ------------
             102 De Haan                   13-JAN-01
     
     RR是因應西元2000所提出的暫時解決方案(使用兩個digit顯示年份)
     		    所輸入的兩位數年
     		    0-49		    50-99
     目	0-49	為目前世紀	    為目前世紀減一
     前		
     的	50-99	為目前世紀加一	為目前世紀
     Year

     YY則永遠直接加上目前世紀
     
     --如果將電腦時間變更為2091-04-11
     SQL> SELECT SYSDATE FROM dual;
     
     SYSDATE
     ------------
     11-APR-91   --2091
     
     SQL> SELECT last_name,hire_date
       2  FROM hr.employees
       3  WHERE hire_date<'01-Feb-02';  --01-Feb-2102
     
     LAST_NAME                 HIRE_DATE
     ------------------------- ------------
     --結果省略
     已選取 107 個資料列.
     
     --兩個日期如何比較大小
     1.先將兩個日期分別換算為Julian Day(從BC 4712.1.1開始累計,每過1天加1)
     
     --建議不要使用兩個digit表示年份,請使用4個digit表示正確年份(包含世紀資訊).
     SQL> SELECT last_name,hire_date
       2  FROM hr.employees
       3  WHERE hire_date<'01-Feb-2002';  --不須進行RR換算,明確給予正確年份
     
     EMPLOYEE_ID LAST_NAME                 HIRE_DATE
     ----------- ------------------------- ------------
             102 De Haan                   13-JAN-01
     
     Date1 – Date2 = Num1  --兩個日期相差幾天,若有小點則表示不滿1天的部分
     Date1 – Num1 = Date2  
     Date1 + Num1 = Date2  --Num1為幾天,若只想要加幾個小時,可以使用小數或分數.例如:加5小時=> SYSDATE+(5/24)
     Date1 + Date2 = Error
     
     SQL> SELECT last_name,hire_date
       2  FROM hr.employees
       3  WHERE SYSDATE-hire_date>6000;  --日期相減為數字,日期相加=?
     
     LAST_NAME                 HIRE_DATE
     ------------------------- ------------
     Whalen                    17-SEP-87
     King                      17-JUN-87
     Kochhar                   21-SEP-89
     De Haan                   13-JAN-93
     Hunold                    03-JAN-90
     Ernst                     21-MAY-91
     
     已選取 6 個資料列.
     
     SQL> SELECT last_name,hire_date+SYSDATE
       2  FROM hr.employees
       3  WHERE employee_id=100;
     SELECT last_name,hire_date+SYSDATE
                               *
      ERROR 在行 1:
     ORA-00975: 不可使用日期 + 日期
     
     SYSDATE=>目前日期的年月日時分秒
     --顯示10天前與10天後的日期
     SQL> SELECT SYSDATE+10,SYSDATE-10 FROM dual;
     
     SYSDATE+10   SYSDATE-10
     ------------ ------------
     26-MAR-13    06-MAR-13   --為何沒有顯示時分秒? NLS_DATE_FORMAT=DD-MON-RR
                                     
                                     ┌── 計算此兩個日期相差幾個月;
                                     ↓   date1應該比date2大,不然將出現負數 
     SQL> SELECT last_name,hire_date,MONTHS_BETWEEN(SYSDATE,hire_date)  
       2  FROM hr.employees
       3  WHERE employee_id=100;
     
     LAST_NAME                 HIRE_DATE    MONTHS_BETWEEN(SYSDATE,HIRE_DATE)
     ------------------------- ------------ ---------------------------------
     King                      17-JUN-87                           273.827215  --273月,0.827215*30=幾天
     
     SQL> SELECT last_name,hire_date,MONTHS_BETWEEN(hire_date,SYSDATE)
       2  FROM hr.employees
       3  WHERE employee_id=100;
     
     LAST_NAME                 HIRE_DATE    MONTHS_BETWEEN(HIRE_DATE,SYSDATE)
     ------------------------- ------------ ---------------------------------
     King                      17-JUN-87                           -273.82722
     
     SQL> SELECT SYSDATE,ADD_MONTHS(SYSDATE,3) FROM dual;  --加幾個月,但不考慮大/小月.加負數月,藉以顯示減幾個月
     
     SYSDATE      ADD_MONTHS(S
     ------------ ------------
     11-APR-10    11-JUL-10
     
     SQL> SELECT SYSDATE,NEXT_DAY(SYSDATE,'SAT') FROM dual;
     
     SYSDATE      NEXT_DAY(SYS
     ------------ ------------
     11-APR-10    17-APR-10
     
     由date1起算,下一次的星期幾的日期
                                  date1   星期幾
     SQL> SELECT SYSDATE,NEXT_DAY(SYSDATE,'SAT') FROM dual;
     
     SYSDATE      NEXT_DAY(SYS
     ------------ ------------
     11-APR-10    17-APR-10
     
     由SYSDATE起算,下一次的星期日的日期
     SQL> SELECT SYSDATE,NEXT_DAY(SYSDATE,'SUN') FROM dual;
     
     SYSDATE      NEXT_DAY(SYS
     ------------ ------------
     11-APR-10    18-APR-10
     
     由SYSDATE起算,下一次的星期一的日期
     SQL> SELECT SYSDATE,NEXT_DAY(SYSDATE,'MON') FROM dual;
     
     SYSDATE      NEXT_DAY(SYS
     ------------ ------------
     11-APR-10    12-APR-10
     
     **日期所在月份的最後一天
     SQL> SELECT LAST_DAY(SYSDATE),LAST_DAY(TO_DATE('2010-02-23','YYYY-MM-DD')) FROM dual;
     
     LAST_DAY(SYS LAST_DAY(TO_
     ------------ ------------
     30-APR-10    28-FEB-10
     
     SQL> ALTER SESSION SET NLS_DATE_FORMAT='YYYY-MM-DD:HH24:MI:SS';
     
     已更改階段作業.
     
     **日期的ROUND/TRUNC預設由DD為四捨五入或捨去的位置,是否超過中午12點
     SQL> SELECT TRUNC(SYSDATE),ROUND(SYSDATE),SYSDATE FROM dual;
     
     TRUNC(SYSDATE)      ROUND(SYSDATE)      SYSDATE
     ------------------- ------------------- -------------------
     2010-04-11:00:00:00 2010-04-12:00:00:00 2010-04-11:15:34:35
     
     **是否超過15號
     SQL> SELECT TRUNC(SYSDATE,'MONTH'),ROUND(SYSDATE,'MONTH'),SYSDATE FROM dual;
     
     TRUNC(SYSDATE,'MONT ROUND(SYSDATE,'MONT SYSDATE
     ------------------- ------------------- -------------------
     2010-04-01:00:00:00 2010-04-01:00:00:00 2010-04-11:15:36:29
     
     **是否超過6月
     SQL> SELECT TRUNC(SYSDATE,'YEAR'),ROUND(SYSDATE,'YEAR'),SYSDATE FROM dual;
     
     TRUNC(SYSDATE,'YEAR ROUND(SYSDATE,'YEAR SYSDATE
     ------------------- ------------------- -------------------
     2010-01-01:00:00:00 2010-01-01:00:00:00 2010-04-11:15:37:55
     
     SQL> SELECT TRUNC(SYSDATE,'Day'),ROUND(SYSDATE,'Day'),SYSDATE FROM dual;
     
     TRUNC(SYSDATE,'DAY' ROUND(SYSDATE,'DAY' SYSDATE
     ------------------- ------------------- -------------------
     2010-04-11:00:00:00 2010-04-11:00:00:00 2010-04-11:15:38:29
     
     SQL> SELECT TO_CHAR(SYSDATE),TO_CHAR(SYSDATE,'D'),TO_CHAR(SYSDATE,'DAY'),TO_CHAR(SYSDATE,'DD'),TO_CHAR(SYSDATE,'DDD') FROM dual;
     
     TO_CHAR(SYSDATE)    T TO_CHAR(SYSDA TO TO_
     ------------------- - ------------- -- ---
     2014-02-09:14:25:27 1 SUNDAY        09 040
     
     D->本周第幾天
     DD->本月第幾天
     DDD->本年第幾天
     
     SQL> SELECT TO_CHAR(SYSDATE),TO_CHAR(SYSDATE,'W'),TO_CHAR(SYSDATE,'WW'),TO_CHAR(SYSDATE,'WWW') FROM dual;
     
     TO_CHAR(SYSDATE)    T TO TO_
     ------------------- - -- ---
     2014-02-09:14:25:48 2 06 062
     
     W->本月第幾周
     WW->本年第幾周
     WWW-> WW W
     


  
